{
 "name": "f12_lrmu045",
 "dataset": "wikitext-2-v1",
 "params_muon": 4718592,
 "params_dense_other": 2097513,
 "params_sparse_tables": 134215168,
 "params_total": 141031273,
 "flops_per_step": {
  "matmul_attn": 161068646400,
  "elementwise": 2579496960,
  "optimizer": 17931670823,
  "total": 181579814183
 },
 "analytic_fwd_matmul_per_token": 13107800,
 "measured_train_matmul_per_token": 39323400.0,
 "steps": 594,
 "tokens": 2433024,
 "epochs": 0.8285241042629239
}
holdout: training on first 2814475 tokens, holding out 122102
step 0/594 loss 8.3178 ema 8.3178 lr 0.100 flops 1.816e+11 (0.1%) 6s 28.5 GFLOP/s
step 100/594 loss 4.6235 ema 4.7844 lr 1.000 flops 1.834e+13 (14.3%) 593s 30.9 GFLOP/s
step 200/594 loss 4.2404 ema 4.3046 lr 1.000 flops 3.650e+13 (28.5%) 1169s 31.2 GFLOP/s
step 300/594 loss 4.0102 ema 4.0416 lr 0.841 flops 5.466e+13 (42.7%) 1719s 31.8 GFLOP/s
step 400/594 loss 3.8388 ema 3.8099 lr 0.589 flops 7.281e+13 (56.9%) 2292s 31.8 GFLOP/s
step 500/594 loss 3.5674 ema 3.6853 lr 0.337 flops 9.097e+13 (71.1%) 2846s 32.0 GFLOP/s
step 593/594 loss 3.5362 ema 3.5943 lr 0.103 flops 1.079e+14 (84.3%) 3333s 32.4 GFLOP/s
valid: bpb 1.3981 token_loss 3.7071
