{
 "name": "f14_lremb15_ng02",
 "dataset": "wikitext-2-v1",
 "params_muon": 4718592,
 "params_dense_other": 2097513,
 "params_sparse_tables": 134215168,
 "params_total": 141031273,
 "flops_per_step": {
  "matmul_attn": 161068646400,
  "elementwise": 2579496960,
  "optimizer": 17931670823,
  "total": 181579814183
 },
 "analytic_fwd_matmul_per_token": 13107800,
 "measured_train_matmul_per_token": 39323400.0,
 "steps": 594,
 "tokens": 2433024,
 "epochs": 0.8285241042629239
}
holdout: training on first 2814475 tokens, holding out 122102
step 0/594 loss 8.3178 ema 8.3178 lr 0.100 flops 1.816e+11 (0.1%) 7s 25.3 GFLOP/s
step 100/594 loss 4.5575 ema 4.7256 lr 1.000 flops 1.834e+13 (14.3%) 588s 31.2 GFLOP/s
step 200/594 loss 4.1981 ema 4.2594 lr 1.000 flops 3.650e+13 (28.5%) 1162s 31.4 GFLOP/s
step 300/594 loss 3.9801 ema 4.0079 lr 0.841 flops 5.466e+13 (42.7%) 1713s 31.9 GFLOP/s
step 400/594 loss 3.8048 ema 3.7779 lr 0.589 flops 7.281e+13 (56.9%) 2278s 32.0 GFLOP/s
step 500/594 loss 3.5357 ema 3.6516 lr 0.337 flops 9.097e+13 (71.1%) 2832s 32.1 GFLOP/s
step 593/594 loss 3.5154 ema 3.5599 lr 0.103 flops 1.079e+14 (84.3%) 3315s 32.5 GFLOP/s
valid: bpb 1.3886 token_loss 3.6817
