{
 "name": "p3_ng_gates",
 "dataset": "wikitext-2-v1",
 "params_muon": 3145728,
 "params_dense_other": 2097397,
 "params_sparse_tables": 134215168,
 "params_total": 139458293,
 "flops_per_step": {
  "matmul_attn": 115969130496,
  "elementwise": 1925185536,
  "optimizer": 18966744667,
  "total": 136861060699
 },
 "analytic_fwd_matmul_per_token": 9437592,
 "measured_train_matmul_per_token": 28312776.0,
 "steps": 233,
 "tokens": 954368,
 "epochs": 0.3249934617731671
}
step 0/233 loss 8.3178 ema 8.3178 lr 0.100 flops 1.369e+11 (0.4%) 3s 50.2 GFLOP/s
step 25/233 loss 5.4371 ema 6.8722 lr 1.000 flops 3.558e+12 (11.1%) 75s 47.2 GFLOP/s
step 50/233 loss 5.1370 ema 5.6859 lr 1.000 flops 6.980e+12 (21.8%) 144s 48.4 GFLOP/s
step 75/233 loss 4.9469 ema 5.1197 lr 1.000 flops 1.040e+13 (32.5%) 214s 48.6 GFLOP/s
step 100/233 loss 4.6700 ema 4.8084 lr 0.955 flops 1.382e+13 (43.2%) 285s 48.4 GFLOP/s
step 125/233 loss 4.5250 ema 4.6083 lr 0.794 flops 1.724e+13 (53.9%) 355s 48.6 GFLOP/s
step 150/233 loss 4.3781 ema 4.4389 lr 0.634 flops 2.067e+13 (64.6%) 421s 49.1 GFLOP/s
step 175/233 loss 4.2452 ema 4.3006 lr 0.473 flops 2.409e+13 (75.3%) 488s 49.4 GFLOP/s
step 200/233 loss 4.2195 ema 4.2052 lr 0.312 flops 2.751e+13 (86.0%) 556s 49.5 GFLOP/s
step 225/233 loss 4.2042 ema 4.1118 lr 0.151 flops 3.093e+13 (96.7%) 623s 49.7 GFLOP/s
step 232/233 loss 3.9579 ema 4.0935 lr 0.106 flops 3.189e+13 (99.7%) 640s 49.8 GFLOP/s
valid: bpb 1.5402 token_loss 4.0838
