{
 "name": "p8_cm_aux",
 "dataset": "wikitext-2-v1",
 "params_muon": 3145728,
 "params_dense_other": 2097397,
 "params_sparse_tables": 134215168,
 "params_total": 139458293,
 "flops_per_step": {
  "matmul_attn": 115969130496,
  "elementwise": 1925185536,
  "optimizer": 18966744667,
  "total": 136861060699
 },
 "analytic_fwd_matmul_per_token": 9437592,
 "measured_train_matmul_per_token": 28312776.0,
 "steps": 233,
 "tokens": 954368,
 "epochs": 0.3249934617731671
}
countmix: features (2936576, 27) experts 10 built in 125s; steps now 233
step 0/233 loss 6.5698 ema 6.5698 lr 0.100 flops 1.372e+11 (0.4%) 3s 49.5 GFLOP/s
step 25/233 loss 5.6641 ema 6.0438 lr 1.000 flops 3.568e+12 (11.1%) 80s 44.7 GFLOP/s
step 50/233 loss 5.5335 ema 5.6826 lr 1.000 flops 6.999e+12 (21.9%) 158s 44.2 GFLOP/s
step 75/233 loss 5.5572 ema 5.4688 lr 1.000 flops 1.043e+13 (32.6%) 236s 44.1 GFLOP/s
step 100/233 loss 5.3438 ema 5.3304 lr 0.955 flops 1.386e+13 (43.3%) 308s 45.0 GFLOP/s
step 125/233 loss 5.2444 ema 5.2750 lr 0.794 flops 1.729e+13 (54.0%) 388s 44.5 GFLOP/s
step 150/233 loss 5.4385 ema 5.2648 lr 0.634 flops 2.072e+13 (64.8%) 472s 43.9 GFLOP/s
step 175/233 loss 5.1609 ema 5.2508 lr 0.473 flops 2.415e+13 (75.5%) 554s 43.6 GFLOP/s
step 200/233 loss 5.1696 ema 5.1277 lr 0.312 flops 2.758e+13 (86.2%) 637s 43.3 GFLOP/s
step 225/233 loss 5.1834 ema 5.0251 lr 0.151 flops 3.101e+13 (96.9%) 713s 43.5 GFLOP/s
step 232/233 loss 4.8774 ema 5.0050 lr 0.106 flops 3.197e+13 (99.9%) 734s 43.6 GFLOP/s
valid: bpb 1.5681 token_loss 4.1578
